I'm sorry, but an uncaught exception occurred.

While running game code:
  File "game/screens.rpy", line 465, in execute
    screen gallery():
  File "game/screens.rpy", line 465, in execute
    screen gallery():
  File "game/screens.rpy", line 480, in execute
    frame:
  File "game/screens.rpy", line 487, in execute
    grid 4 2:
  File "game/screens.rpy", line 491, in execute
    if renpy.seen_image("cg1"):
  File "game/screens.rpy", line 491, in <module>
    if renpy.seen_image("cg1"):
       ^^^^^^^^^^^^^           
AttributeError: 'Gallery' object has no attribute 'is_unlocked'

During handling of the above exception, another exception occurred:

Exception: Couldn't find a place to stop rolling back. Perhaps the script changed in an incompatible way?

During handling of the above exception, another exception occurred:

Exception: Couldn't find a place to stop rolling back. Perhaps the script changed in an incompatible way?

-- Full Traceback ------------------------------------------------------------

Traceback (most recent call last):
  File "renpy/common/_layout/screen_main_menu.rpym", line 28, in script
    python hide:
  File "renpy/ast.py", line 1187, in execute
    renpy.python.py_exec_bytecode(self.code.bytecode, self.hide, store=self.store)
    ~~~~~~~~~~~~~~~~~~~~~~~~~~~~~^^^^^^^^^^^^^^^^^^^^^^^^^^^^^^^^^^^^^^^^^^^^^^^^^
  File "renpy/python.py", line 1273, in py_exec_bytecode
    exec(bytecode, globals, locals)
    ~~~~^^^^^^^^^^^^^^^^^^^^^^^^^^^
  File "renpy/common/_layout/screen_main_menu.rpym", line 28, in <module>
    python hide:
  File "renpy/common/_layout/screen_main_menu.rpym", line 35, in _execute_python_hide
    ui.interact()
    ~~~~~~~~~~~^^
  File "renpy/ui.py", line 304, in interact
    rv = renpy.game.interface.interact(roll_forward=roll_forward, **kwargs)
         ~~~~~~~~~~~~~~~~~~~~~~~~~~~~~^^^^^^^^^^^^^^^^^^^^^^^^^^^^^^^^^^^^^
  File "renpy/display/core.py", line 2117, in interact
    repeat, rv = self.interact_core(
                 ~~~~~~~~~~~~~~~~~~^
        preloads=preloads,
        ^^^^^^^^^^^^^^^^^^
    ...<4 lines>...
        **kwargs,
        ^^^^^^^^^
    )
    ^
  File "renpy/display/core.py", line 2655, in interact_core
    root_widget.visit_all(lambda d: d.per_interact())
    ~~~~~~~~~~~~~~~~~~~~~^^^^^^^^^^^^^^^^^^^^^^^^^^^^
  File "renpy/display/displayable.py", line 457, in visit_all
    d.visit_all(callback, seen)
    ~~~~~~~~~~~^^^^^^^^^^^^^^^^
  File "renpy/display/displayable.py", line 457, in visit_all
    d.visit_all(callback, seen)
    ~~~~~~~~~~~^^^^^^^^^^^^^^^^
  File "renpy/display/displayable.py", line 457, in visit_all
    d.visit_all(callback, seen)
    ~~~~~~~~~~~^^^^^^^^^^^^^^^^
[Previous line repeated 1 more time]
  File "renpy/display/screen.py", line 503, in visit_all
    callback(self)
    ~~~~~~~~^^^^^^
  File "renpy/display/core.py", line 2655, in <lambda>
    root_widget.visit_all(lambda d: d.per_interact())
                                    ~~~~~~~~~~~~~~^^ 
  File "renpy/display/screen.py", line 514, in per_interact
    self.update()
    ~~~~~~~~~~~^^
  File "renpy/display/screen.py", line 715, in update
    self.screen.function(**self.scope)
    ~~~~~~~~~~~~~~~~~~~~^^^^^^^^^^^^^^
  File "game/screens.rpy", line 465, in execute
    screen gallery():
  File "game/screens.rpy", line 465, in execute
    screen gallery():
  File "game/screens.rpy", line 480, in execute
    frame:
  File "game/screens.rpy", line 487, in execute
    grid 4 2:
  File "game/screens.rpy", line 491, in execute
    if renpy.seen_image("cg1"):
  File "renpy/python.py", line 1305, in py_eval
    return py_eval_bytecode(code, globals, locals)
           ~~~~~~~~~~~~~~~~^^^^^^^^^^^^^^^^^^^^^^^
  File "renpy/python.py", line 1298, in py_eval_bytecode
    return eval(bytecode, globals, locals)
           ~~~~^^^^^^^^^^^^^^^^^^^^^^^^^^^
  File "game/screens.rpy", line 491, in <module>
    if renpy.seen_image("cg1"):
       ^^^^^^^^^^^^^           
AttributeError: 'Gallery' object has no attribute 'is_unlocked'

During handling of the above exception, another exception occurred:

Traceback (most recent call last):
  File "renpy/common/00start.rpy", line 297, in script
    python:
  File "renpy/ast.py", line 1187, in execute
    renpy.python.py_exec_bytecode(self.code.bytecode, self.hide, store=self.store)
    ~~~~~~~~~~~~~~~~~~~~~~~~~~~~~^^^^^^^^^^^^^^^^^^^^^^^^^^^^^^^^^^^^^^^^^^^^^^^^^
  File "renpy/python.py", line 1273, in py_exec_bytecode
    exec(bytecode, globals, locals)
    ~~~~^^^^^^^^^^^^^^^^^^^^^^^^^^^
  File "renpy/common/00start.rpy", line 301, in <module>
    renpy.call_in_new_context("_main_menu")
    ~~~~~~~~~~~~~~~~~~~~~~~~~^^^^^^^^^^^^^^
  File "renpy/game.py", line 372, in call_in_new_context
    return renpy.execution.run_context(False)
           ~~~~~~~~~~~~~~~~~~~~~~~~~~~^^^^^^^
  File "renpy/execution.py", line 1027, in run_context
    context.run()
    ~~~~~~~~~~~^^
  File "renpy/common/_layout/screen_main_menu.rpym", line 28, in script
    python hide:
  File "renpy/common/_layout/screen_main_menu.rpym", line 28, in script
    python hide:
  File "renpy/display/error.py", line 135, in report_exception
    renpy.game.invoke_in_new_context(
    ~~~~~~~~~~~~~~~~~~~~~~~~~~~~~~~~^
        call_exception_screen,
        ^^^^^^^^^^^^^^^^^^^^^^
    ...<4 lines>...
        ignore_action=ignore_action,
        ^^^^^^^^^^^^^^^^^^^^^^^^^^^^
    )
    ^
  File "renpy/game.py", line 301, in invoke_in_new_context
    return callable(*args, **kwargs)
           ~~~~~~~~^^^^^^^^^^^^^^^^^
  File "renpy/display/error.py", line 44, in call_exception_screen
    return renpy.ui.interact(mouse="screen", type="screen", suppress_overlay=True, suppress_underlay=True)
           ~~~~~~~~~~~~~~~~~^^^^^^^^^^^^^^^^^^^^^^^^^^^^^^^^^^^^^^^^^^^^^^^^^^^^^^^^^^^^^^^^^^^^^^^^^^^^^^
  File "renpy/ui.py", line 304, in interact
    rv = renpy.game.interface.interact(roll_forward=roll_forward, **kwargs)
         ~~~~~~~~~~~~~~~~~~~~~~~~~~~~~^^^^^^^^^^^^^^^^^^^^^^^^^^^^^^^^^^^^^
  File "renpy/display/core.py", line 2117, in interact
    repeat, rv = self.interact_core(
                 ~~~~~~~~~~~~~~~~~~^
        preloads=preloads,
        ^^^^^^^^^^^^^^^^^^
    ...<4 lines>...
        **kwargs,
        ^^^^^^^^^
    )
    ^
  File "renpy/display/core.py", line 3203, in interact_core
    rv = root_widget.event(ev, x, y, 0)
         ~~~~~~~~~~~~~~~~~^^^^^^^^^^^^^
  File "renpy/display/layout.py", line 1281, in event
    rv = i.event(ev, x - xo, y - yo, cst)
         ~~~~~~~^^^^^^^^^^^^^^^^^^^^^^^^^
  File "renpy/display/layout.py", line 1281, in event
    rv = i.event(ev, x - xo, y - yo, cst)
         ~~~~~~~^^^^^^^^^^^^^^^^^^^^^^^^^
  File "renpy/display/layout.py", line 1281, in event
    rv = i.event(ev, x - xo, y - yo, cst)
         ~~~~~~~^^^^^^^^^^^^^^^^^^^^^^^^^
  File "renpy/display/screen.py", line 805, in event
    rv = self.child.event(ev, x, y, st)
         ~~~~~~~~~~~~~~~~^^^^^^^^^^^^^^
  File "renpy/display/layout.py", line 1281, in event
    rv = i.event(ev, x - xo, y - yo, cst)
         ~~~~~~~^^^^^^^^^^^^^^^^^^^^^^^^^
  File "renpy/display/layout.py", line 1510, in event
    rv = super(Window, self).event(ev, x, y, st)
         ~~~~~~~~~~~~~~~~~~~~~~~~~^^^^^^^^^^^^^^
  File "renpy/display/layout.py", line 273, in event
    rv = d.event(ev, x - xo, y - yo, st)
         ~~~~~~~^^^^^^^^^^^^^^^^^^^^^^^^
  File "renpy/display/layout.py", line 273, in event
    rv = d.event(ev, x - xo, y - yo, st)
         ~~~~~~~^^^^^^^^^^^^^^^^^^^^^^^^
  File "renpy/display/layout.py", line 1281, in event
    rv = i.event(ev, x - xo, y - yo, cst)
         ~~~~~~~^^^^^^^^^^^^^^^^^^^^^^^^^
  File "renpy/display/layout.py", line 1281, in event
    rv = i.event(ev, x - xo, y - yo, cst)
         ~~~~~~~^^^^^^^^^^^^^^^^^^^^^^^^^
  File "renpy/display/layout.py", line 1281, in event
    rv = i.event(ev, x - xo, y - yo, cst)
         ~~~~~~~^^^^^^^^^^^^^^^^^^^^^^^^^
  File "renpy/display/behavior.py", line 1185, in event
    return handle_click(self.clicked)
           ~~~~~~~~~~~~^^^^^^^^^^^^^^
  File "renpy/display/behavior.py", line 1107, in handle_click
    rv = run(action)
         ~~~^^^^^^^^
  File "renpy/display/behavior.py", line 411, in run
    return action(*args, **kwargs)
           ~~~~~~^^^^^^^^^^^^^^^^^
  File "renpy/display/error.py", line 51, in rollback_action
    renpy.exports.rollback(force=True)
    ~~~~~~~~~~~~~~~~~~~~~~^^^^^^^^^^^^
  File "renpy/exports/rollbackexports.py", line 233, in rollback
    renpy.game.log.rollback(
    ~~~~~~~~~~~~~~~~~~~~~~~^
        checkpoints, greedy=greedy, label=label, force=(force is True), abnormal=abnormal, current_label=current_label
        ^^^^^^^^^^^^^^^^^^^^^^^^^^^^^^^^^^^^^^^^^^^^^^^^^^^^^^^^^^^^^^^^^^^^^^^^^^^^^^^^^^^^^^^^^^^^^^^^^^^^^^^^^^^^^^
    )
    ^
  File "renpy/rollback.py", line 951, in rollback
    self.load_failed()
    ~~~~~~~~~~~~~~~~^^
  File "renpy/rollback.py", line 865, in load_failed
    raise Exception(
        "Couldn't find a place to stop rolling back. Perhaps the script changed in an incompatible way?"
    )
Exception: Couldn't find a place to stop rolling back. Perhaps the script changed in an incompatible way?

During handling of the above exception, another exception occurred:

Traceback (most recent call last):
  File "renpy/bootstrap.py", line 401, in bootstrap
    renpy.main.main()
    ~~~~~~~~~~~~~~~^^
  File "renpy/main.py", line 591, in main
    run(restart)
    ~~~^^^^^^^^^
  File "renpy/main.py", line 137, in run
    renpy.execution.run_context(True)
    ~~~~~~~~~~~~~~~~~~~~~~~~~~~^^^^^^
  File "renpy/execution.py", line 1027, in run_context
    context.run()
    ~~~~~~~~~~~^^
  File "renpy/common/00start.rpy", line 297, in script
    python:
  File "renpy/common/00start.rpy", line 297, in script
    python:
  File "renpy/display/error.py", line 135, in report_exception
    renpy.game.invoke_in_new_context(
    ~~~~~~~~~~~~~~~~~~~~~~~~~~~~~~~~^
        call_exception_screen,
        ^^^^^^^^^^^^^^^^^^^^^^
    ...<4 lines>...
        ignore_action=ignore_action,
        ^^^^^^^^^^^^^^^^^^^^^^^^^^^^
    )
    ^
  File "renpy/game.py", line 301, in invoke_in_new_context
    return callable(*args, **kwargs)
           ~~~~~~~~^^^^^^^^^^^^^^^^^
  File "renpy/display/error.py", line 44, in call_exception_screen
    return renpy.ui.interact(mouse="screen", type="screen", suppress_overlay=True, suppress_underlay=True)
           ~~~~~~~~~~~~~~~~~^^^^^^^^^^^^^^^^^^^^^^^^^^^^^^^^^^^^^^^^^^^^^^^^^^^^^^^^^^^^^^^^^^^^^^^^^^^^^^
  File "renpy/ui.py", line 304, in interact
    rv = renpy.game.interface.interact(roll_forward=roll_forward, **kwargs)
         ~~~~~~~~~~~~~~~~~~~~~~~~~~~~~^^^^^^^^^^^^^^^^^^^^^^^^^^^^^^^^^^^^^
  File "renpy/display/core.py", line 2117, in interact
    repeat, rv = self.interact_core(
                 ~~~~~~~~~~~~~~~~~~^
        preloads=preloads,
        ^^^^^^^^^^^^^^^^^^
    ...<4 lines>...
        **kwargs,
        ^^^^^^^^^
    )
    ^
  File "renpy/display/core.py", line 3203, in interact_core
    rv = root_widget.event(ev, x, y, 0)
         ~~~~~~~~~~~~~~~~~^^^^^^^^^^^^^
  File "renpy/display/layout.py", line 1281, in event
    rv = i.event(ev, x - xo, y - yo, cst)
         ~~~~~~~^^^^^^^^^^^^^^^^^^^^^^^^^
  File "renpy/display/layout.py", line 1281, in event
    rv = i.event(ev, x - xo, y - yo, cst)
         ~~~~~~~^^^^^^^^^^^^^^^^^^^^^^^^^
  File "renpy/display/layout.py", line 1281, in event
    rv = i.event(ev, x - xo, y - yo, cst)
         ~~~~~~~^^^^^^^^^^^^^^^^^^^^^^^^^
  File "renpy/display/screen.py", line 805, in event
    rv = self.child.event(ev, x, y, st)
         ~~~~~~~~~~~~~~~~^^^^^^^^^^^^^^
  File "renpy/display/layout.py", line 1281, in event
    rv = i.event(ev, x - xo, y - yo, cst)
         ~~~~~~~^^^^^^^^^^^^^^^^^^^^^^^^^
  File "renpy/display/layout.py", line 1510, in event
    rv = super(Window, self).event(ev, x, y, st)
         ~~~~~~~~~~~~~~~~~~~~~~~~~^^^^^^^^^^^^^^
  File "renpy/display/layout.py", line 273, in event
    rv = d.event(ev, x - xo, y - yo, st)
         ~~~~~~~^^^^^^^^^^^^^^^^^^^^^^^^
  File "renpy/display/layout.py", line 273, in event
    rv = d.event(ev, x - xo, y - yo, st)
         ~~~~~~~^^^^^^^^^^^^^^^^^^^^^^^^
  File "renpy/display/layout.py", line 1281, in event
    rv = i.event(ev, x - xo, y - yo, cst)
         ~~~~~~~^^^^^^^^^^^^^^^^^^^^^^^^^
  File "renpy/display/layout.py", line 1281, in event
    rv = i.event(ev, x - xo, y - yo, cst)
         ~~~~~~~^^^^^^^^^^^^^^^^^^^^^^^^^
  File "renpy/display/layout.py", line 1281, in event
    rv = i.event(ev, x - xo, y - yo, cst)
         ~~~~~~~^^^^^^^^^^^^^^^^^^^^^^^^^
  File "renpy/display/behavior.py", line 1185, in event
    return handle_click(self.clicked)
           ~~~~~~~~~~~~^^^^^^^^^^^^^^
  File "renpy/display/behavior.py", line 1107, in handle_click
    rv = run(action)
         ~~~^^^^^^^^
  File "renpy/display/behavior.py", line 411, in run
    return action(*args, **kwargs)
           ~~~~~~^^^^^^^^^^^^^^^^^
  File "renpy/display/error.py", line 51, in rollback_action
    renpy.exports.rollback(force=True)
    ~~~~~~~~~~~~~~~~~~~~~~^^^^^^^^^^^^
  File "renpy/exports/rollbackexports.py", line 233, in rollback
    renpy.game.log.rollback(
    ~~~~~~~~~~~~~~~~~~~~~~~^
        checkpoints, greedy=greedy, label=label, force=(force is True), abnormal=abnormal, current_label=current_label
        ^^^^^^^^^^^^^^^^^^^^^^^^^^^^^^^^^^^^^^^^^^^^^^^^^^^^^^^^^^^^^^^^^^^^^^^^^^^^^^^^^^^^^^^^^^^^^^^^^^^^^^^^^^^^^^
    )
    ^
  File "renpy/rollback.py", line 951, in rollback
    self.load_failed()
    ~~~~~~~~~~~~~~~~^^
  File "renpy/rollback.py", line 865, in load_failed
    raise Exception(
        "Couldn't find a place to stop rolling back. Perhaps the script changed in an incompatible way?"
    )
Exception: Couldn't find a place to stop rolling back. Perhaps the script changed in an incompatible way?

Windows-11-10.0.26100-SP0 AMD64
Ren'Py 8.5.0.25111603
Proyecto_VN 1.0
Wed Feb  4 23:38:02 2026
